cargo :     Finished `dev` profile [unoptimized + debuginfo] target(s) in 0.72s
At line:1 char:1
+ cargo check 2> errors.txt; Get-Content errors.txt -TotalCount 100
+ ~~~~~~~~~~~~~~~~~~~~~~~~~
    + CategoryInfo          : NotSpecified: (    Finished `d...get(s) in 0.72s 
   :String) [], RemoteException
    + FullyQualifiedErrorId : NativeCommandError
 
